// Jest Snapshot v1, https://goo.gl/fbAQLP

exports[`Sample say hello 1`] = `
<div>
  Hello, world.
</div>
`;
